// Jest Snapshot v1, https://goo.gl/fbAQLP

exports[`Syncing simple transaction 1`] = `
Array [
  Object {
    "Address": Array [
      Object {
        "AddressId": 1,
        "Digest": 2.625159121708784e-245,
        "Hash": "2cWKMJemoBahV1J8CooPHv6kiRwvURBHKH6x8qNyjXLEHQLPc36Z4Hz9pBHbhB2wdDS5Q",
      },
      Object {
        "AddressId": 2,
        "Digest": 5.722525766106571e-175,
        "Hash": "2cWKMJemoBajVVEZhJEsjNHKgjsTsi9kWqejTQEghsNyg4fXD66D3YWvbRhfUVfHWooa7",
      },
      Object {
        "AddressId": 3,
        "Digest": -3.219045380546553e-79,
        "Hash": "2cWKMJemoBajyD34hiLDYDKM4jDY65zcPQH9RfW1KyVURUWQtfrAtVQYKyBysMjFTiUUj",
      },
      Object {
        "AddressId": 4,
        "Digest": -1.2072712420728654e-129,
        "Hash": "2cWKMJemoBajQf5KTfA8htULcbNh6ad6Do1UVeCEaj8PAhEDVsqq1zyDFrWn3gHwqbXWZ",
      },
      Object {
        "AddressId": 5,
        "Digest": 4.604445688743196e+269,
        "Hash": "2cWKMJemoBam9FHms2YNoTSaKGn5xCbN5FRhAa3seKgkfrAYujWrX8PRiFF2jVVMuM455",
      },
      Object {
        "AddressId": 6,
        "Digest": -4.4796651863531186e-274,
        "Hash": "2cWKMJemoBakQfaRgK4hzbneQU1cz1VQidgsCzRPNXZzRmFfpW9AoFvmeUdQBZbzhrKwf",
      },
      Object {
        "AddressId": 7,
        "Digest": 7.161673823755841e+143,
        "Hash": "2cWKMJemoBajKQwmreignV6bWHMy52VAw2Xg1JNT7DkTX9VSCyQt45vjzu1oHks6aKBQ9",
      },
      Object {
        "AddressId": 8,
        "Digest": 6.420156535669085e+72,
        "Hash": "2cWKMJemoBaieRPed6xgtaYeoAvrp8k4NFWeBv4noqYNfjkNX2EY7jkBAA9PbZmuY2fgX",
      },
      Object {
        "AddressId": 9,
        "Digest": 3792.7225960259916,
        "Hash": "2cWKMJemoBam3EPRozJ36mHpcHHJuf1F3cTBAH8sN6kPS1HFSxUrPpDedysJKS3GFPss5",
      },
      Object {
        "AddressId": 10,
        "Digest": -1.0741353372289304e-84,
        "Hash": "2cWKMJemoBak2H91XpvcvdQztZ4rJSmGg258XMfJANawzWcNcvxVF7WbE8pGQYovNYkcP",
      },
      Object {
        "AddressId": 11,
        "Digest": -1.464161111236789e-98,
        "Hash": "2cWKMJemoBaikNBAKubYWG821tgjW8z7Tyi7NCKcZAuUgpXYEyb8yv6vhJ4jtEtGkfpRa",
      },
      Object {
        "AddressId": 12,
        "Digest": 1.9191719756549796e+224,
        "Hash": "2cWKMJemoBajjnXhSiczSaPc48WWALFCaqipDmXh5j2KmQsmbW7pkEC8mEmNTefCmcSpT",
      },
      Object {
        "AddressId": 13,
        "Digest": 1.1721430977337218e-8,
        "Hash": "2cWKMJemoBajN8htLpD7QC4nBmvUQH2HwPRYktCyFYUTNkQNzRu9qqV3U38yYQRDJpPHr",
      },
      Object {
        "AddressId": 14,
        "Digest": 2.0497331866122915e-175,
        "Hash": "2cWKMJemoBahsfMnovpCAHsaF2CWb7ygu2yw9uAdeVRftL8B7hwuwrPDsmRgMGDC2XsxR",
      },
      Object {
        "AddressId": 15,
        "Digest": -5.033242376582583e-262,
        "Hash": "2cWKMJemoBajVu74QGDFCe1wrwdNFVRrbKRAW4PnpqHrC7tXveRPsUnxGVScEFj5FWZcL",
      },
      Object {
        "AddressId": 16,
        "Digest": -4.5928679679194e+107,
        "Hash": "2cWKMJemoBaiak5D1EHyqFYbpaqULHfKJBLDfFGu67Ze4EVFJSAS4wCqVG8CKCPACZbQL",
      },
      Object {
        "AddressId": 17,
        "Digest": 9.040293098460135e-234,
        "Hash": "2cWKMJemoBajgeMibYfj8EdyqFvwbhVr6Xa6TEWub2qWWv1cgadLDzxCfNsuNcLdm4zfQ",
      },
      Object {
        "AddressId": 18,
        "Digest": -4.406302555475232e+110,
        "Hash": "2cWKMJemoBahBG4bXa98bYLr2D4hAKrGeBchFSuamemTzKp2x5n79fuXYyVJQZ8D4GxzJ",
      },
      Object {
        "AddressId": 19,
        "Digest": -3.864821372571322e-247,
        "Hash": "2cWKMJemoBaivNoG8BqCcU2P6qAjyGbvHbnEycQ219jKjtdnRDG8PTfxkDmynEbaN4aQg",
      },
      Object {
        "AddressId": 20,
        "Digest": -1.3868428914272181e-117,
        "Hash": "2cWKMJemoBajxKobGHH4FWX8MYipNcYd8QWU6GJNfam6H7HJ4CJFvv42jqiPayM6skcPs",
      },
      Object {
        "AddressId": 21,
        "Digest": 3.042350486593611e+41,
        "Hash": "2cWKMJemoBai5YBzrvj8yR7AxofNVRRQ3HeGZ6ze2jedGJWAZuv1kk83DDHhbM4etgZoX",
      },
      Object {
        "AddressId": 22,
        "Digest": 2417189.5135076824,
        "Hash": "2cWKMJemoBakV7enMMUGQbWXqBKDN9FStBkBuhW4ygj7VrJZxFCA8PmwuDEvdM5dc3csF",
      },
      Object {
        "AddressId": 23,
        "Digest": 1.829585263112195e+294,
        "Hash": "2cWKMJemoBai1bXTT8Lt3dPNtaAmgbfuQU3hU1c5qoveXj11dZypXXkVGxw9Enr1EyQDw",
      },
      Object {
        "AddressId": 24,
        "Digest": -1.8230633576816955e-25,
        "Hash": "2cWKMJemoBakDXb35d6UZn6dnZ7cP5dTurMVcHm2GuUzYKvNCtAcboehN7Z6cMGzb52GU",
      },
      Object {
        "AddressId": 25,
        "Digest": 4.074532135366891e+207,
        "Hash": "2cWKMJemoBajJqhkoKSDUXKn6XvTmyFP7K2pYhzz6aPZJWDrSoGamoMQDNWgKeJ5Gnb9o",
      },
      Object {
        "AddressId": 26,
        "Digest": 1.7622261527484512e-214,
        "Hash": "2cWKMJemoBajkjfuEq85Bet3dvaboabvG8QX3fatHfYaySWF1NM7fubpSQDEGwSp45SCc",
      },
      Object {
        "AddressId": 27,
        "Digest": -7.689837290109897e+76,
        "Hash": "2cWKMJemoBamPe6rXgdePGqKJEUVKEDWM3K3X5PzSQR8EcNAR7aYyNjuoCYNmmn1CcLAN",
      },
      Object {
        "AddressId": 28,
        "Digest": -3.720058212445789e+98,
        "Hash": "2cWKMJemoBajQ1kxkMDvdRbQinwGKxbwybh482MN1vZMPxZsJPjE19HDD5WuE2TMASs5B",
      },
      Object {
        "AddressId": 29,
        "Digest": 1.4153889647676344e+49,
        "Hash": "2cWKMJemoBah9w9PvS31gfSQmKz6d9P6j5VYDpdRNqDpdz7NkWdrFpJgoXdkAz3hodUTv",
      },
      Object {
        "AddressId": 30,
        "Digest": 4.492564910453611e+25,
        "Hash": "2cWKMJemoBahtui5egjw6SzdpDEDXZLuqUcjvsx5natYKH1dvA9PQeUpprt6UKewxS56P",
      },
      Object {
        "AddressId": 31,
        "Digest": -7.329019949926326e+276,
        "Hash": "2cWKMJemoBaigkuZU1JBwkxPsSwRCwZPYyVdgBxBJy5gYquNEGXWQnwnRopf4huHWuvqC",
      },
      Object {
        "AddressId": 32,
        "Digest": -2.2186464530075643e-207,
        "Hash": "2cWKMJemoBaiNE2gK34iCPDzNcceSLXu9rP3sFhd95fB43Gim14UjTSVARgGAY6PCi7FM",
      },
      Object {
        "AddressId": 33,
        "Digest": -8.877983143732731e-109,
        "Hash": "2cWKMJemoBaiyeqzjoMZXQwSQzDf4krS7ZYtqDDTxqxXtPHyW18eVSjfmUoMPqC9moHL2",
      },
      Object {
        "AddressId": 34,
        "Digest": 1.549626237036663e+96,
        "Hash": "2cWKMJemoBakzR9zwfncvLGf7pi5xxyJe5jfGNRZpPcHirESTfjLHmMwsccoy5UzqRhaa",
      },
      Object {
        "AddressId": 35,
        "Digest": 4.244773980684407e+240,
        "Hash": "2cWKMJemoBakYreGaDi8jzBN5biURcuo2Nn7GDB9Gi5oeEMRFZ5XCUMVGBX3jXDuzP916",
      },
      Object {
        "AddressId": 36,
        "Digest": -1.3410164263834876e+42,
        "Hash": "2cWKMJemoBakux6kgScyBg2ZHW6fHSXaK8yoc6VZAby2Y9b3egcKVxnrLAYKz5BjN3MU3",
      },
      Object {
        "AddressId": 37,
        "Digest": -8.701727088867692e-124,
        "Hash": "2cWKMJemoBahdTN3GAYRWUCGBWcW8MYWFCBJrqpW1zs8gGE82fKbUMqNrRq43C3av1PMr",
      },
      Object {
        "AddressId": 38,
        "Digest": -7.752625862832369e-69,
        "Hash": "2cWKMJemoBamDTbp7ujJrhTWFTYCqSKicAKk3H7BTosHUw6Jxv4H7HgDfnTkqWCfhAihQ",
      },
      Object {
        "AddressId": 39,
        "Digest": -1.7107339843145492e+223,
        "Hash": "2cWKMJemoBahNC1hWiToKRgoNTbC7ktxBwfQ3b5K63syJ1RC3g9piTw6dHmxGuxa71LUc",
      },
      Object {
        "AddressId": 40,
        "Digest": -9.225499329864712e+73,
        "Hash": "2cWKMJemoBakuBi2eHUw159CQxQUHYn9eM8i23Q1bcvF4RNLAEzzbBTznrkzqkGdFYJYr",
      },
      Object {
        "AddressId": 41,
        "Digest": -4.0821360514998895e-244,
        "Hash": "2cWKMJemoBajuCcDYHncArxP5JVaJ8FZeVtH1X49NEizHfSFAp6bSKppwhUyPZzi3mYMZ",
      },
      Object {
        "AddressId": 42,
        "Digest": -1.4043299903962168e-164,
        "Hash": "2cWKMJemoBahYuCTXyLE3tdM9UqMS4PmVpC5a7ipB9ZaCfcDfuQKPeiQa6r82FX514p1U",
      },
      Object {
        "AddressId": 43,
        "Digest": 9.94648545751032e+200,
        "Hash": "2cWKMJemoBakAYR8rRh7ezntY2oAPrA2UvU3RWQtuS4XmBwcz4P277nbVMF1GVCt2iECF",
      },
      Object {
        "AddressId": 44,
        "Digest": 3.436571725244212e-251,
        "Hash": "2cWKMJemoBahJcKq2DGfz8uEMvcMGfz6ueLWGtuCSFeJn7izmYcVnK4oW4pHYSoB355pt",
      },
      Object {
        "AddressId": 45,
        "Digest": 6.19763303209471e-43,
        "Hash": "2cWKMJemoBajingnW9Qp39GUUw4XDBEhTh7tRmVjrs8MMUf9AGuhbjoGhZxUAnB1fQVvU",
      },
      Object {
        "AddressId": 46,
        "Digest": 3.201318626689058e-59,
        "Hash": "2cWKMJemoBajB1zQSDxrF6dxzWuidebWq5NkumoPrwBC7YWMKAU61y3Ry89EzYXde7GBy",
      },
      Object {
        "AddressId": 47,
        "Digest": 9.787277507014466e-277,
        "Hash": "2cWKMJemoBak6iaea4T9Bzmo8NDSkkJMcPFhuLoaDrUDbNauCGCc8x983qeALaTExx4kw",
      },
      Object {
        "AddressId": 48,
        "Digest": 1.450613341802964e+87,
        "Hash": "2cWKMJemoBajV2AGfFiu8cXh15srLP6V6CoXzFGoGYJ4KvHWewSnovjRshaf7vviAZypV",
      },
      Object {
        "AddressId": 49,
        "Digest": 2.4636231287285893e-83,
        "Hash": "2cWKMJemoBajdGpGRKh6iqbxSr4FrzG1bhW7Z1J6FR5pJvdNxTKSZLaMnh7H8k9xiTrPL",
      },
      Object {
        "AddressId": 50,
        "Digest": -1.6762777637810963e-267,
        "Hash": "2cWKMJemoBakTBexYQzcbYfXxx96TSR2N2s21UkqAEcrNQ87JiRJCdqpcxE4XCdaoZxkP",
      },
      Object {
        "AddressId": 51,
        "Digest": -5.2134960204320083e-141,
        "Hash": "2cWKMJemoBahinkY8uwRreLVxYXLWnPmqNUihiq2PJg5YYPeD9sYxMEwitvr4ab3LR5zH",
      },
      Object {
        "AddressId": 52,
        "Digest": -6.562187574137852e+40,
        "Hash": "2cWKMJemoBajY4Min3wZTFZ7BBKc3vR2cGc8RmUJLDvWdJL4z2Z73ZRZHPReCiaEUbzU6",
      },
      Object {
        "AddressId": 53,
        "Digest": 43205422886.514275,
        "Hash": "2cWKMJemoBam41pBaqa4o8Cum3H7MfF7fP6AP41V32WUiaNMAkeMi3A9Cs1xrwD8Pwsg7",
      },
      Object {
        "AddressId": 54,
        "Digest": -7.035468602471666e-175,
        "Hash": "2cWKMJemoBahnxLjvWY3gCXpDhsQJutn2SJokAPLb5yGidUsJvgFh92YAwec6rLf55p5T",
      },
      Object {
        "AddressId": 55,
        "Digest": 9.615547786221093e+303,
        "Hash": "2cWKMJemoBakXHHB21SK1nQmzLzTjjyAnyGtocNVUweXvryh34ExDFRkcNqss2aZLcNkn",
      },
      Object {
        "AddressId": 56,
        "Digest": 1.0259396406850506e-297,
        "Hash": "2cWKMJemoBahzfcEx1fiYSdkxAVKgnJPMEAdcJp6jBUZy1HnaoZ7Ms6GzN2JGHz21SSRx",
      },
      Object {
        "AddressId": 57,
        "Digest": -3.894202524773217e-156,
        "Hash": "2cWKMJemoBam8Q9hmX9Am7s6pgyEb6CvDGY2YA2GmKrKTVkNisNmEfeiE8kBe55KmT98M",
      },
      Object {
        "AddressId": 58,
        "Digest": -1.1456209417605252e-259,
        "Hash": "2cWKMJemoBakSW3bqKLGV4oy97Lz85sVg4PFuDRwD7eAycwSo8kC4fkgWQej312LN2ihW",
      },
      Object {
        "AddressId": 59,
        "Digest": -1.8331810464722387e-284,
        "Hash": "2cWKMJemoBam2pAe4zZLJE5JodMQNXBZDYHfU2s2KihVMDXNe6C2wmgy7CmrowfoP8SWJ",
      },
      Object {
        "AddressId": 60,
        "Digest": 2.4294139820626178e-21,
        "Hash": "2cWKMJemoBajRWCmm6Q32wcRtykGF8UgUiDkGefFWsK6P1Pvscho9egaJm5mdW7nRFfur",
      },
      Object {
        "AddressId": 61,
        "Digest": 3.0130256012696985e+210,
        "Hash": "2cWKMJemoBai5uPo2bUNKRjMXXSFv5yWvR3827VhTqPa3RSQFtMygh3hMcFWNTLgsUvJY",
      },
      Object {
        "AddressId": 62,
        "Digest": -9.38083945983836e+289,
        "Hash": "2cWKMJemoBam2F72W2TX647WYXe7X5NkL46tgafG78ttng31rnPThKDdSrp681aVxvaAi",
      },
      Object {
        "AddressId": 63,
        "Digest": 2.1942450085706183e-145,
        "Hash": "2cWKMJemoBak5guMwSj9JxX65DwvcgdPTS4FoB8pwHHoXkfjiihAbpCCBDrgY1hsny3mP",
      },
      Object {
        "AddressId": 64,
        "Digest": -0.04201929460420468,
        "Hash": "2cWKMJemoBakvXyZoFGeCguw4Rozgq9AUWimBJ6V3UPU1xRxjB1TXduoXMLsZqQY9PjUb",
      },
      Object {
        "AddressId": 65,
        "Digest": 1.7807594365670618e+147,
        "Hash": "2cWKMJemoBaiuWkYjqzPtj3wezwoVDhMuAWEKYvTiwonCBW2gL9khNKZ34bVCm8dPvAA9",
      },
      Object {
        "AddressId": 66,
        "Digest": 5.6880800872064384e-220,
        "Hash": "2cWKMJemoBaijVphLBhvhaUVYPA9RkWiSB7XmStCwra1UX5oJ1fBWa4hxWoUQeJ7yg6Vx",
      },
      Object {
        "AddressId": 67,
        "Digest": -3.576513755918854e+302,
        "Hash": "2cWKMJemoBakAxp4rxyxHhBZKGUrU26a9nUTUXqDqWakFP7CbbiVGdaUpvaSRtWfnsLri",
      },
      Object {
        "AddressId": 68,
        "Digest": 1.594277058368658e+132,
        "Hash": "2cWKMJemoBam45ALyaXzeFArRQ8yDVqnFPvMNg4qXdB4GSwd9uoSfXPVNBoKdLo1tKHzP",
      },
      Object {
        "AddressId": 69,
        "Digest": -1.9662213852933853e+120,
        "Hash": "2cWKMJemoBaiQvkGCtbHGng2CAjDGvBcrnn3E6mixfTCYtfYkLPR5qFW38aE3PWSHy92D",
      },
      Object {
        "AddressId": 70,
        "Digest": 2.413179383101065e+194,
        "Hash": "2cWKMJemoBai3ZN5Z2zfTiiERuWKWoDjcr47MSGj7tgDGWSFH1UCxjkPeqAbdRVQpj626",
      },
      Object {
        "AddressId": 71,
        "Digest": 1.6975299007846121e+202,
        "Hash": "2cWKMJemoBajb6Q1nCTHfXtu86FKmqi289E8hoxtSPaitytmW77zYfou4U9Vh91avEA69",
      },
      Object {
        "AddressId": 72,
        "Digest": 1.180090228292989e-158,
        "Hash": "2cWKMJemoBahRjRBdr9dKPP3vMQkSzXixKz9jLPU4RvYHXuWCgXgqnEdh4yXBsiKDxUjL",
      },
      Object {
        "AddressId": 73,
        "Digest": 4.591780232976181e+98,
        "Hash": "2cWKMJemoBaj8iaEexyKdNrVTSeF1jvDzoS5JHdAXNyodkfNkc2KVSV4vYFB8P9F4M5hW",
      },
      Object {
        "AddressId": 74,
        "Digest": 1.9695155387056547e+105,
        "Hash": "2cWKMJemoBahR8FL3mxZ746gP8973UP772FNwtY2MAtrusYCmSjdp5VKRFB4J2bjvKW1W",
      },
      Object {
        "AddressId": 75,
        "Digest": 1.3940097142979734e-234,
        "Hash": "2cWKMJemoBahNfwxa3YMmFxgDHmx1LPTXShXtEMVMRmCk4JgUpNVNNHDCE9vRD6ZKRAsn",
      },
      Object {
        "AddressId": 76,
        "Digest": -1.8012203702940586e+161,
        "Hash": "2cWKMJemoBak8rQnzr5ShKRfDobAGix8uVmQ5kND3DwKFTSM5xTm49muPa3kuTwmEpGCp",
      },
      Object {
        "AddressId": 77,
        "Digest": -6.324952757737845e-7,
        "Hash": "2cWKMJemoBahoRXq85yiWWs7RpWJyt1gYmngUwgpHbAYnqaiZCTFhiKd8rTxacVNZXp27",
      },
      Object {
        "AddressId": 78,
        "Digest": -1.4057508450925144e+208,
        "Hash": "2cWKMJemoBajDibPxTEB1uQYRt57hvE6RUtgon6nFvczMmSjmP1ZwWaGHA9tAurwP5NDi",
      },
      Object {
        "AddressId": 79,
        "Digest": 0.0034352819934566348,
        "Hash": "2cWKMJemoBakDbru8XVVG9FyNcekMHrVL4ixCL7DV9ETv1ZaiULqeEChuoxCEVRuemRdd",
      },
      Object {
        "AddressId": 80,
        "Digest": -1.4469648194671007e+81,
        "Hash": "2cWKMJemoBakJyMjfhJPb5FWh7TBkZYvrnYLTERcHvTkAqkW4TU8RDuA99ZThWitcFHdt",
      },
      Object {
        "AddressId": 81,
        "Digest": 1.7138943772052236e-151,
        "Hash": "2cWKMJemoBaiygokUvMQveFM5sjRFxvzgJV5NAAFUi8mxpEPp9soUqDSvNq3MRfurzjyC",
      },
      Object {
        "AddressId": 82,
        "Digest": -7.4491953416285745e+267,
        "Hash": "2cWKMJemoBajtEE6eboxcA4wFSXexa7ThmdGsggTm63kTFZWYdvBxRqNGDqrugujvJ3HH",
      },
      Object {
        "AddressId": 83,
        "Digest": 1.3750139716511047e+193,
        "Hash": "2cWKMJemoBahgjnxDjC7etbhPsok2LT1fFKBJ5ys9vWpxyzXJV2q44J51nod6pYxSwuwe",
      },
      Object {
        "AddressId": 84,
        "Digest": 5.466181881286636e+104,
        "Hash": "2cWKMJemoBamGjXtf3kwonwEJqiRwMChHoQDuCb97YNH7JQLxwx5Kt17gG271KHNqXyoz",
      },
      Object {
        "AddressId": 85,
        "Digest": -2.7144595676378545e+206,
        "Hash": "2cWKMJemoBajEwar9YDH3zkLrcyLgKqWjw3wxLR3JEsXdLYwAiCjC1AvUZDebS5tWp5R2",
      },
      Object {
        "AddressId": 86,
        "Digest": -3.232697473883848e-77,
        "Hash": "2cWKMJemoBaiw2vnBSiChVe9owqcymJJUq9UdTFzn3QLjvqvoLRVadugTfMtcJXQKcoWW",
      },
      Object {
        "AddressId": 87,
        "Digest": -4.0821360514998895e-244,
        "Hash": "2cWKMJemoBajuCcDYHncArxP5JVaJ8FZeVtH1X49NEizHfSFAp6bSKppwhUyPZzi3mYMZ",
      },
      Object {
        "AddressId": 88,
        "Digest": -7.809999400362227e-201,
        "Hash": "2cWKMJemoBakEkoxqx2aPJbMUmdSTRKz7yW2UnYJB7Cs2ehpL6tEJVDpGjmxyEUxk7Bu4",
      },
      Object {
        "AddressId": 89,
        "Digest": -3.232697473883848e-77,
        "Hash": "2cWKMJemoBaiw2vnBSiChVe9owqcymJJUq9UdTFzn3QLjvqvoLRVadugTfMtcJXQKcoWW",
      },
      Object {
        "AddressId": 90,
        "Digest": 4.604445688743196e+269,
        "Hash": "2cWKMJemoBam9FHms2YNoTSaKGn5xCbN5FRhAa3seKgkfrAYujWrX8PRiFF2jVVMuM455",
      },
    ],
  },
  Object {
    "Block": Array [
      Object {
        "BlockId": 1,
        "BlockTime": 2019-09-13T16:37:16.000Z,
        "Digest": -9.690691258114666e-56,
        "Hash": "a9835cc1e0f9b6c239aec4c446a6e181b7db6a80ad53cc0b04f70c6b85e9ba25",
        "Height": 1,
        "SlotNum": 1,
      },
    ],
  },
  Object {
    "LastSyncInfo": Array [
      Object {
        "BlockHash": "a9835cc1e0f9b6c239aec4c446a6e181b7db6a80ad53cc0b04f70c6b85e9ba25",
        "Height": 1,
        "LastSyncInfoId": 1,
        "SlotNum": 1,
        "Time": 1970-01-01T00:00:00.000Z,
      },
      Object {
        "BlockHash": null,
        "Height": 0,
        "LastSyncInfoId": 2,
        "SlotNum": null,
        "Time": 1970-01-01T00:00:00.002Z,
      },
    ],
  },
  Object {
    "Transaction": Array [
      Object {
        "BlockId": 1,
        "Digest": 8.191593645542673e-27,
        "ErrorMessage": null,
        "Hash": "29f2fe214ec2c9b05773a689eca797e903adeaaf51dfe20782a4bf401e7ed545",
        "LastUpdateTime": 1568392636000,
        "Ordinal": 0,
        "Status": 1,
        "TransactionId": 1,
      },
      Object {
        "BlockId": 1,
        "Digest": 8.191593645542673e-27,
        "ErrorMessage": null,
        "Hash": "29f2fe214ec2c9b05773a689eca797e903adeaaf51dfe20782a4bf401e7ed545",
        "LastUpdateTime": 1568392636000,
        "Ordinal": 0,
        "Status": -2,
        "TransactionId": 2,
      },
    ],
  },
  Object {
    "UtxoTransactionInput": Array [
      Object {
        "AddressId": 86,
        "Amount": "4000000",
        "IndexInOwnTx": 0,
        "IndexInParentTx": 0,
        "ParentTxHash": "9c8d3c4fe576f8c99d8ad6ba5d889f5a9f2d7fe07dc17b3f425f5d17696f3d20",
        "TransactionId": 1,
        "UtxoTransactionInputId": 1,
      },
      Object {
        "AddressId": 89,
        "Amount": "4000000",
        "IndexInOwnTx": 0,
        "IndexInParentTx": 0,
        "ParentTxHash": "9c8d3c4fe576f8c99d8ad6ba5d889f5a9f2d7fe07dc17b3f425f5d17696f3d20",
        "TransactionId": 2,
        "UtxoTransactionInputId": 2,
      },
    ],
  },
  Object {
    "UtxoTransactionOutput": Array [
      Object {
        "AddressId": 5,
        "Amount": "2100000",
        "IsUnspent": true,
        "OutputIndex": 0,
        "TransactionId": 1,
        "UtxoTransactionOutputId": 1,
      },
      Object {
        "AddressId": 87,
        "Amount": "2700000",
        "IsUnspent": true,
        "OutputIndex": 1,
        "TransactionId": 1,
        "UtxoTransactionOutputId": 2,
      },
      Object {
        "AddressId": 90,
        "Amount": "2100000",
        "IsUnspent": true,
        "OutputIndex": 0,
        "TransactionId": 2,
        "UtxoTransactionOutputId": 3,
      },
      Object {
        "AddressId": 41,
        "Amount": "2700000",
        "IsUnspent": true,
        "OutputIndex": 1,
        "TransactionId": 2,
        "UtxoTransactionOutputId": 4,
      },
    ],
  },
]
`;
